2026-09-05T15:01:21.924Z [ERROR] - (node:18560) NOTE: The AWS SDK for JavaScript (v2) has reached end-of-support.
It will no longer receive updates or releases.

Please migrate your code to use AWS SDK for JavaScript (v3).
For more information, check the blog post at https://a.co/cUPnyil
(Use `node --trace-warnings ...` to show where the warning was created)
2026-09-05T15:03:51.291Z [ERROR] - (node:15632) NOTE: The AWS SDK for JavaScript (v2) has reached end-of-support.
It will no longer receive updates or releases.

Please migrate your code to use AWS SDK for JavaScript (v3).
For more information, check the blog post at https://a.co/cUPnyil
(Use `node --trace-warnings ...` to show where the warning was created)
2026-09-05T15:10:37.339Z [ERROR] - (node:25984) NOTE: The AWS SDK for JavaScript (v2) has reached end-of-support.
It will no longer receive updates or releases.

Please migrate your code to use AWS SDK for JavaScript (v3).
For more information, check the blog post at https://a.co/cUPnyil
(Use `node --trace-warnings ...` to show where the warning was created)
2026-09-05T15:15:26.723Z [ERROR] - (node:13864) NOTE: The AWS SDK for JavaScript (v2) has reached end-of-support.
It will no longer receive updates or releases.

Please migrate your code to use AWS SDK for JavaScript (v3).
For more information, check the blog post at https://a.co/cUPnyil
(Use `node --trace-warnings ...` to show where the warning was created)
2026-09-05T15:16:12.477Z [ERROR] - (node:8824) NOTE: The AWS SDK for JavaScript (v2) has reached end-of-support.
It will no longer receive updates or releases.

Please migrate your code to use AWS SDK for JavaScript (v3).
For more information, check the blog post at https://a.co/cUPnyil
(Use `node --trace-warnings ...` to show where the warning was created)
2026-09-05T15:35:43.647Z [ERROR] - (node:23152) NOTE: The AWS SDK for JavaScript (v2) has reached end-of-support.
It will no longer receive updates or releases.

Please migrate your code to use AWS SDK for JavaScript (v3).
For more information, check the blog post at https://a.co/cUPnyil
(Use `node --trace-warnings ...` to show where the warning was created)
2026-09-19T06:24:56.423Z [ERROR] - (node:8488) NOTE: The AWS SDK for JavaScript (v2) has reached end-of-support.
It will no longer receive updates or releases.

Please migrate your code to use AWS SDK for JavaScript (v3).
For more information, check the blog post at https://a.co/cUPnyil
(Use `node --trace-warnings ...` to show where the warning was created)
2026-09-19T08:41:46.062Z [ERROR] - (node:12620) NOTE: The AWS SDK for JavaScript (v2) has reached end-of-support.
It will no longer receive updates or releases.

Please migrate your code to use AWS SDK for JavaScript (v3).
For more information, check the blog post at https://a.co/cUPnyil
(Use `node --trace-warnings ...` to show where the warning was created)
2026-09-27T16:31:09.524Z [ERROR] - (node:10212) NOTE: The AWS SDK for JavaScript (v2) has reached end-of-support.
It will no longer receive updates or releases.

Please migrate your code to use AWS SDK for JavaScript (v3).
For more information, check the blog post at https://a.co/cUPnyil
(Use `node --trace-warnings ...` to show where the warning was created)
2026-09-27T16:31:19.530Z [ERROR] - ❌ Error creating default admin: MongooseError: Operation `users.findOne()` buffering timed out after 10000ms
    at Timeout.<anonymous> (G:\Projects\Git-TechRohit\SamSorokins\SamSorokins_node\node_modules\mongoose\lib\drivers\node-mongodb-native\collection.js:187:23)
    at listOnTimeout (node:internal/timers:581:17)
    at processTimers (node:internal/timers:519:7)
2026-09-27T16:32:01.773Z [ERROR] - (node:14640) NOTE: The AWS SDK for JavaScript (v2) has reached end-of-support.
It will no longer receive updates or releases.

Please migrate your code to use AWS SDK for JavaScript (v3).
For more information, check the blog post at https://a.co/cUPnyil
(Use `node --trace-warnings ...` to show where the warning was created)
2026-09-27T16:32:11.787Z [ERROR] - ❌ Error creating default admin: MongooseError: Operation `users.findOne()` buffering timed out after 10000ms
    at Timeout.<anonymous> (G:\Projects\Git-TechRohit\SamSorokins\SamSorokins_node\node_modules\mongoose\lib\drivers\node-mongodb-native\collection.js:187:23)
    at listOnTimeout (node:internal/timers:581:17)
    at processTimers (node:internal/timers:519:7)
2026-09-27T16:33:05.360Z [ERROR] - (node:14732) NOTE: The AWS SDK for JavaScript (v2) has reached end-of-support.
It will no longer receive updates or releases.

Please migrate your code to use AWS SDK for JavaScript (v3).
For more information, check the blog post at https://a.co/cUPnyil
(Use `node --trace-warnings ...` to show where the warning was created)
2026-09-27T16:48:47.979Z [ERROR] - (node:11944) NOTE: The AWS SDK for JavaScript (v2) has reached end-of-support.
It will no longer receive updates or releases.

Please migrate your code to use AWS SDK for JavaScript (v3).
For more information, check the blog post at https://a.co/cUPnyil
(Use `node --trace-warnings ...` to show where the warning was created)
2026-09-27T16:59:45.413Z [ERROR] - (node:13964) NOTE: The AWS SDK for JavaScript (v2) has reached end-of-support.
It will no longer receive updates or releases.

Please migrate your code to use AWS SDK for JavaScript (v3).
For more information, check the blog post at https://a.co/cUPnyil
(Use `node --trace-warnings ...` to show where the warning was created)
2026-09-27T17:05:25.614Z [ERROR] - [UploadReminder] Fatal error in reminder cron job: Error: read ECONNRESET
    at TLSWrap.onStreamRead (node:internal/stream_base_commons:218:20) {
  errno: -4077,
  code: 'ECONNRESET',
  syscall: 'read'
}
2026-09-27T17:36:35.083Z [ERROR] - (node:16508) NOTE: The AWS SDK for JavaScript (v2) has reached end-of-support.
It will no longer receive updates or releases.

Please migrate your code to use AWS SDK for JavaScript (v3).
For more information, check the blog post at https://a.co/cUPnyil
(Use `node --trace-warnings ...` to show where the warning was created)
2026-09-27T18:10:58.206Z [ERROR] - (node:6052) NOTE: The AWS SDK for JavaScript (v2) has reached end-of-support.
It will no longer receive updates or releases.

Please migrate your code to use AWS SDK for JavaScript (v3).
For more information, check the blog post at https://a.co/cUPnyil
(Use `node --trace-warnings ...` to show where the warning was created)
2026-09-27T18:11:27.579Z [ERROR] - (node:1612) NOTE: The AWS SDK for JavaScript (v2) has reached end-of-support.
It will no longer receive updates or releases.

Please migrate your code to use AWS SDK for JavaScript (v3).
For more information, check the blog post at https://a.co/cUPnyil
(Use `node --trace-warnings ...` to show where the warning was created)
2026-09-27T18:34:34.778Z [ERROR] - (node:444) NOTE: The AWS SDK for JavaScript (v2) has reached end-of-support.
It will no longer receive updates or releases.

Please migrate your code to use AWS SDK for JavaScript (v3).
For more information, check the blog post at https://a.co/cUPnyil
(Use `node --trace-warnings ...` to show where the warning was created)
